sm27-r22.pun.seagate.com: Starting Cluster (corosync)...
sm28-r22.pun.seagate.com: Starting Cluster (corosync)...
sm27-r22.pun.seagate.com: Starting Cluster (pacemaker)...
sm28-r22.pun.seagate.com: Starting Cluster (pacemaker)...
