Cluster Status:
 Stack: corosync
 Current DC: sm27-r22.pun.seagate.com (version 1.1.20-5.el7-3c4c782f70) - partition with quorum
 Last updated: Sat Mar 21 16:44:52 2020
 Last change: Sat Mar 21 15:42:33 2020 by root via cibadmin on sm27-r22.pun.seagate.com
 2 nodes configured
 56 resources configured

PCSD Status:
  sm28-r22.pun.seagate.com: Online
  sm27-r22.pun.seagate.com: Online
