sm28-r22.pun.seagate.com: Stopping Cluster (pacemaker)...
sm27-r22.pun.seagate.com: Stopping Cluster (pacemaker)...
sm28-r22.pun.seagate.com: Stopping Cluster (corosync)...
sm27-r22.pun.seagate.com: Stopping Cluster (corosync)...
